nohup: ignoring input
=== Iniciando backfill de 2026-01-01 até 2026-08-01 ===
>>> [1/4] r/brasil - Lula
2026-08-17 20:11:02,971 [INFO] Variáveis carregadas de: /home/labpi/pave-pipeline/.env
2026-08-17 20:11:02,972 [INFO] === Coletando r/brasil para 'Lula' (2026-01-01 a 2026-08-01) ===
2026-08-17 20:11:02,973 [INFO] [r/brasil | 'Lula'] Periodo dividido em 7 janela(s).
2026-08-17 20:11:06,311 [WARNING] Erro transitorio da API ('Timeout. Maybe slow down a bit') na tentativa 1/5. Aguardando 15s...
2026-08-17 20:11:28,005 [INFO] [posts/r_brasil/Lula/2026-01-01] +100 itens (total: 100)
2026-08-17 20:11:46,458 [WARNING] Erro transitorio da API ('Timeout. Maybe slow down a bit') na tentativa 1/5. Aguardando 15s...
2026-08-17 20:12:07,633 [WARNING] Erro transitorio da API ('Timeout. Maybe slow down a bit') na tentativa 2/5. Aguardando 30s...
2026-08-17 20:12:45,766 [WARNING] Erro transitorio da API ('Timeout. Maybe slow down a bit') na tentativa 3/5. Aguardando 45s...
2026-08-17 20:13:36,810 [WARNING] Erro transitorio da API ('Timeout. Maybe slow down a bit') na tentativa 4/5. Aguardando 60s...
2026-08-17 20:14:44,720 [ERROR] Erro na requisicao para https://arctic-shift.photon-reddit.com/api/posts/search | params={'subreddit': 'brasil', 'query': 'Lula', 'after': 1768436681, 'before': 1769904000, 'limit': 100, 'sort': 'asc'} | erro=422 Client Error: Unprocessable Entity for url: https://arctic-shift.photon-reddit.com/api/posts/search?subreddit=brasil&query=Lula&after=1768436681&before=1769904000&limit=100&sort=asc | resposta_api={"data":null,"error":"Timeout. Maybe slow down a bit"}
2026-08-17 20:14:44,722 [WARNING] [posts/r_brasil/Lula/2026-01-01] Falha definitiva ao buscar pagina (after=1768436681). ESTA JANELA PODE ESTAR INCOMPLETA.
2026-08-17 20:15:10,139 [WARNING] Erro transitorio da API ('Timeout. Maybe slow down a bit') na tentativa 1/5. Aguardando 15s...
2026-08-17 20:15:26,514 [WARNING] Erro transitorio da API ('Timeout. Maybe slow down a bit') na tentativa 2/5. Aguardando 30s...
2026-08-17 20:16:10,381 [WARNING] Erro transitorio da API ('Timeout. Maybe slow down a bit') na tentativa 3/5. Aguardando 45s...
2026-08-17 20:17:05,443 [WARNING] Erro transitorio da API ('Timeout. Maybe slow down a bit') na tentativa 4/5. Aguardando 60s...
2026-08-17 20:18:17,214 [INFO] [comments/r_brasil/Lula/2026-01-01] +100 itens (total: 100)
2026-08-17 20:18:30,275 [WARNING] Erro transitorio da API ('Timeout. Maybe slow down a bit') na tentativa 1/5. Aguardando 15s...
2026-08-17 20:18:49,151 [INFO] [comments/r_brasil/Lula/2026-01-01] +100 itens (total: 200)
2026-08-17 20:19:04,239 [INFO] [comments/r_brasil/Lula/2026-01-01] +100 itens (total: 300)
2026-08-17 20:19:19,773 [INFO] [comments/r_brasil/Lula/2026-01-01] +100 itens (total: 400)
2026-08-17 20:19:31,781 [WARNING] Erro transitorio da API ('Timeout. Maybe slow down a bit') na tentativa 1/5. Aguardando 15s...
2026-08-17 20:19:47,230 [WARNING] Erro transitorio da API ('Timeout. Maybe slow down a bit') na tentativa 2/5. Aguardando 30s...
2026-08-17 20:20:23,034 [INFO] [comments/r_brasil/Lula/2026-01-01] +100 itens (total: 500)
2026-08-17 20:20:50,844 [WARNING] Erro transitorio da API ('Timeout. Maybe slow down a bit') na tentativa 1/5. Aguardando 15s...
2026-08-17 20:21:12,732 [INFO] [comments/r_brasil/Lula/2026-01-01] +100 itens (total: 600)
2026-08-17 20:21:35,161 [WARNING] Erro transitorio da API ('Timeout. Maybe slow down a bit') na tentativa 1/5. Aguardando 15s...
2026-08-17 20:22:04,256 [WARNING] Erro transitorio da API ('Timeout. Maybe slow down a bit') na tentativa 2/5. Aguardando 30s...
2026-08-17 20:22:47,789 [WARNING] Erro transitorio da API ('Timeout. Maybe slow down a bit') na tentativa 3/5. Aguardando 45s...
2026-08-17 20:23:48,899 [WARNING] Erro transitorio da API ('Timeout. Maybe slow down a bit') na tentativa 4/5. Aguardando 60s...
2026-08-17 20:25:03,354 [ERROR] Erro na requisicao para https://arctic-shift.photon-reddit.com/api/comments/search | params={'subreddit': 'brasil', 'body': 'Lula', 'after': 1767824312, 'before': 1769904000, 'limit': 100, 'sort': 'asc'} | erro=422 Client Error: Unprocessable Entity for url: https://arctic-shift.photon-reddit.com/api/comments/search?subreddit=brasil&body=Lula&after=1767824312&before=1769904000&limit=100&sort=asc | resposta_api={"data":null,"error":"Timeout. Maybe slow down a bit"}
2026-08-17 20:25:03,356 [WARNING] [comments/r_brasil/Lula/2026-01-01] Falha definitiva ao buscar pagina (after=1767824312). ESTA JANELA PODE ESTAR INCOMPLETA.
2026-08-17 20:25:20,097 [INFO] [posts/r_brasil/Lula/2026-02-01] +100 itens (total: 100)
2026-08-17 20:25:32,131 [WARNING] Erro transitorio da API ('Timeout. Maybe slow down a bit') na tentativa 1/5. Aguardando 15s...
2026-08-17 20:25:53,007 [WARNING] Erro transitorio da API ('Timeout. Maybe slow down a bit') na tentativa 2/5. Aguardando 30s...
2026-08-17 20:26:29,226 [INFO] [posts/r_brasil/Lula/2026-02-01] +100 itens (total: 200)
2026-08-17 20:26:41,587 [WARNING] Erro transitorio da API ('Timeout. Maybe slow down a bit') na tentativa 1/5. Aguardando 15s...
2026-08-17 20:27:02,568 [WARNING] Erro transitorio da API ('Timeout. Maybe slow down a bit') na tentativa 2/5. Aguardando 30s...
2026-08-17 20:27:33,489 [WARNING] Erro transitorio da API ('Timeout. Maybe slow down a bit') na tentativa 3/5. Aguardando 45s...
2026-08-17 20:28:25,961 [WARNING] Erro transitorio da API ('Timeout. Maybe slow down a bit') na tentativa 4/5. Aguardando 60s...
2026-08-17 20:29:26,852 [ERROR] Erro na requisicao para https://arctic-shift.photon-reddit.com/api/posts/search | params={'subreddit': 'brasil', 'query': 'Lula', 'after': 1771980318, 'before': 1772323200, 'limit': 100, 'sort': 'asc'} | erro=422 Client Error: Unprocessable Entity for url: https://arctic-shift.photon-reddit.com/api/posts/search?subreddit=brasil&query=Lula&after=1771980318&before=1772323200&limit=100&sort=asc | resposta_api={"data":null,"error":"Timeout. Maybe slow down a bit"}
2026-08-17 20:29:26,852 [WARNING] [posts/r_brasil/Lula/2026-02-01] Falha definitiva ao buscar pagina (after=1771980318). ESTA JANELA PODE ESTAR INCOMPLETA.
2026-08-17 20:29:37,879 [WARNING] Erro transitorio da API ('Timeout. Maybe slow down a bit') na tentativa 1/5. Aguardando 15s...
2026-08-17 20:29:53,510 [WARNING] Erro transitorio da API ('Timeout. Maybe slow down a bit') na tentativa 2/5. Aguardando 30s...
2026-08-17 20:30:25,252 [WARNING] Erro transitorio da API ('Timeout. Maybe slow down a bit') na tentativa 3/5. Aguardando 45s...
2026-08-17 20:31:23,736 [INFO] [comments/r_brasil/Lula/2026-02-01] +100 itens (total: 100)
2026-08-17 20:31:48,878 [WARNING] Erro transitorio da API ('Timeout. Maybe slow down a bit') na tentativa 1/5. Aguardando 15s...
2026-08-17 20:32:16,903 [WARNING] Erro transitorio da API ('Timeout. Maybe slow down a bit') na tentativa 2/5. Aguardando 30s...
2026-08-17 20:33:02,185 [WARNING] Erro transitorio da API ('Timeout. Maybe slow down a bit') na tentativa 3/5. Aguardando 45s...
2026-08-17 20:34:01,354 [WARNING] Erro transitorio da API ('Timeout. Maybe slow down a bit') na tentativa 4/5. Aguardando 60s...
2026-08-17 20:35:17,861 [ERROR] Erro na requisicao para https://arctic-shift.photon-reddit.com/api/comments/search | params={'subreddit': 'brasil', 'body': 'Lula', 'after': 1770136116, 'before': 1772323200, 'limit': 100, 'sort': 'asc'} | erro=422 Client Error: Unprocessable Entity for url: https://arctic-shift.photon-reddit.com/api/comments/search?subreddit=brasil&body=Lula&after=1770136116&before=1772323200&limit=100&sort=asc | resposta_api={"data":null,"error":"Timeout. Maybe slow down a bit"}
2026-08-17 20:35:17,864 [WARNING] [comments/r_brasil/Lula/2026-02-01] Falha definitiva ao buscar pagina (after=1770136116). ESTA JANELA PODE ESTAR INCOMPLETA.
2026-08-17 20:35:28,776 [WARNING] Erro transitorio da API ('Timeout. Maybe slow down a bit') na tentativa 1/5. Aguardando 15s...
2026-08-17 20:35:54,592 [INFO] [posts/r_brasil/Lula/2026-03-01] +100 itens (total: 100)
2026-08-17 20:36:08,032 [WARNING] Erro transitorio da API ('Timeout. Maybe slow down a bit') na tentativa 1/5. Aguardando 15s...
2026-08-17 20:36:28,839 [WARNING] Erro transitorio da API ('Timeout. Maybe slow down a bit') na tentativa 2/5. Aguardando 30s...
2026-08-17 20:36:59,387 [WARNING] Erro transitorio da API ('Timeout. Maybe slow down a bit') na tentativa 3/5. Aguardando 45s...
2026-08-17 20:37:46,211 [WARNING] Erro transitorio da API ('Timeout. Maybe slow down a bit') na tentativa 4/5. Aguardando 60s...
2026-08-17 20:38:48,099 [ERROR] Erro na requisicao para https://arctic-shift.photon-reddit.com/api/posts/search | params={'subreddit': 'brasil', 'query': 'Lula', 'after': 1773439256, 'before': 1775001600, 'limit': 100, 'sort': 'asc'} | erro=422 Client Error: Unprocessable Entity for url: https://arctic-shift.photon-reddit.com/api/posts/search?subreddit=brasil&query=Lula&after=1773439256&before=1775001600&limit=100&sort=asc | resposta_api={"data":null,"error":"Timeout. Maybe slow down a bit"}
2026-08-17 20:38:48,100 [WARNING] [posts/r_brasil/Lula/2026-03-01] Falha definitiva ao buscar pagina (after=1773439256). ESTA JANELA PODE ESTAR INCOMPLETA.
2026-08-17 20:39:13,173 [WARNING] Erro transitorio da API ('Timeout. Maybe slow down a bit') na tentativa 1/5. Aguardando 15s...
2026-08-17 20:39:28,984 [WARNING] Erro transitorio da API ('Timeout. Maybe slow down a bit') na tentativa 2/5. Aguardando 30s...
2026-08-17 20:40:29,119 [ERROR] Erro na requisicao para https://arctic-shift.photon-reddit.com/api/comments/search | params={'subreddit': 'brasil', 'body': 'Lula', 'after': 1772323200, 'before': 1775001600, 'limit': 100, 'sort': 'asc'} | erro=HTTPSConnectionPool(host='arctic-shift.photon-reddit.com', port=443): Read timed out. (read timeout=30) | resposta_api=
2026-08-17 20:40:29,120 [WARNING] [comments/r_brasil/Lula/2026-03-01] Falha definitiva ao buscar pagina (after=1772323200). ESTA JANELA PODE ESTAR INCOMPLETA.
2026-08-17 20:40:46,278 [ERROR] Erro na requisicao para https://arctic-shift.photon-reddit.com/api/posts/search | params={'subreddit': 'brasil', 'query': 'Lula', 'after': 1775001600, 'before': 1777593600, 'limit': 100, 'sort': 'asc'} | erro=HTTPSConnectionPool(host='arctic-shift.photon-reddit.com', port=443): Max retries exceeded with url: /api/posts/search?subreddit=brasil&query=Lula&after=1775001600&before=1777593600&limit=100&sort=asc (Caused by NewConnectionError('<urllib3.connection.HTTPSConnection object at 0x724cd4006ff0>: Failed to establish a new connection: [Errno 101] Network is unreachable')) | resposta_api=
2026-08-17 20:40:46,278 [WARNING] [posts/r_brasil/Lula/2026-04-01] Falha definitiva ao buscar pagina (after=1775001600). ESTA JANELA PODE ESTAR INCOMPLETA.
2026-08-17 20:40:56,286 [ERROR] Erro na requisicao para https://arctic-shift.photon-reddit.com/api/comments/search | params={'subreddit': 'brasil', 'body': 'Lula', 'after': 1775001600, 'before': 1777593600, 'limit': 100, 'sort': 'asc'} | erro=HTTPSConnectionPool(host='arctic-shift.photon-reddit.com', port=443): Max retries exceeded with url: /api/comments/search?subreddit=brasil&body=Lula&after=1775001600&before=1777593600&limit=100&sort=asc (Caused by NewConnectionError('<urllib3.connection.HTTPSConnection object at 0x724cd40078f0>: Failed to establish a new connection: [Errno 101] Network is unreachable')) | resposta_api=
2026-08-17 20:40:56,286 [WARNING] [comments/r_brasil/Lula/2026-04-01] Falha definitiva ao buscar pagina (after=1775001600). ESTA JANELA PODE ESTAR INCOMPLETA.
2026-08-17 20:41:06,295 [ERROR] Erro na requisicao para https://arctic-shift.photon-reddit.com/api/posts/search | params={'subreddit': 'brasil', 'query': 'Lula', 'after': 1777593600, 'before': 1780272000, 'limit': 100, 'sort': 'asc'} | erro=HTTPSConnectionPool(host='arctic-shift.photon-reddit.com', port=443): Max retries exceeded with url: /api/posts/search?subreddit=brasil&query=Lula&after=1777593600&before=1780272000&limit=100&sort=asc (Caused by NewConnectionError('<urllib3.connection.HTTPSConnection object at 0x724cd3ab4230>: Failed to establish a new connection: [Errno 101] Network is unreachable')) | resposta_api=
2026-08-17 20:41:06,295 [WARNING] [posts/r_brasil/Lula/2026-05-01] Falha definitiva ao buscar pagina (after=1777593600). ESTA JANELA PODE ESTAR INCOMPLETA.
2026-08-17 20:41:16,302 [ERROR] Erro na requisicao para https://arctic-shift.photon-reddit.com/api/comments/search | params={'subreddit': 'brasil', 'body': 'Lula', 'after': 1777593600, 'before': 1780272000, 'limit': 100, 'sort': 'asc'} | erro=HTTPSConnectionPool(host='arctic-shift.photon-reddit.com', port=443): Max retries exceeded with url: /api/comments/search?subreddit=brasil&body=Lula&after=1777593600&before=1780272000&limit=100&sort=asc (Caused by NewConnectionError('<urllib3.connection.HTTPSConnection object at 0x724cd418f170>: Failed to establish a new connection: [Errno 101] Network is unreachable')) | resposta_api=
2026-08-17 20:41:16,302 [WARNING] [comments/r_brasil/Lula/2026-05-01] Falha definitiva ao buscar pagina (after=1777593600). ESTA JANELA PODE ESTAR INCOMPLETA.
2026-08-17 20:41:26,306 [ERROR] Erro na requisicao para https://arctic-shift.photon-reddit.com/api/posts/search | params={'subreddit': 'brasil', 'query': 'Lula', 'after': 1780272000, 'before': 1782864000, 'limit': 100, 'sort': 'asc'} | erro=HTTPSConnectionPool(host='arctic-shift.photon-reddit.com', port=443): Max retries exceeded with url: /api/posts/search?subreddit=brasil&query=Lula&after=1780272000&before=1782864000&limit=100&sort=asc (Caused by NewConnectionError('<urllib3.connection.HTTPSConnection object at 0x724cd40079b0>: Failed to establish a new connection: [Errno 101] Network is unreachable')) | resposta_api=
2026-08-17 20:41:26,306 [WARNING] [posts/r_brasil/Lula/2026-06-01] Falha definitiva ao buscar pagina (after=1780272000). ESTA JANELA PODE ESTAR INCOMPLETA.
2026-08-17 20:41:36,313 [ERROR] Erro na requisicao para https://arctic-shift.photon-reddit.com/api/comments/search | params={'subreddit': 'brasil', 'body': 'Lula', 'after': 1780272000, 'before': 1782864000, 'limit': 100, 'sort': 'asc'} | erro=HTTPSConnectionPool(host='arctic-shift.photon-reddit.com', port=443): Max retries exceeded with url: /api/comments/search?subreddit=brasil&body=Lula&after=1780272000&before=1782864000&limit=100&sort=asc (Caused by NewConnectionError('<urllib3.connection.HTTPSConnection object at 0x724cd4006fc0>: Failed to establish a new connection: [Errno 101] Network is unreachable')) | resposta_api=
2026-08-17 20:41:36,313 [WARNING] [comments/r_brasil/Lula/2026-06-01] Falha definitiva ao buscar pagina (after=1780272000). ESTA JANELA PODE ESTAR INCOMPLETA.
2026-08-17 20:41:46,322 [ERROR] Erro na requisicao para https://arctic-shift.photon-reddit.com/api/posts/search | params={'subreddit': 'brasil', 'query': 'Lula', 'after': 1782864000, 'before': 1785542400, 'limit': 100, 'sort': 'asc'} | erro=HTTPSConnectionPool(host='arctic-shift.photon-reddit.com', port=443): Max retries exceeded with url: /api/posts/search?subreddit=brasil&query=Lula&after=1782864000&before=1785542400&limit=100&sort=asc (Caused by NewConnectionError('<urllib3.connection.HTTPSConnection object at 0x724cd3dab6b0>: Failed to establish a new connection: [Errno 101] Network is unreachable')) | resposta_api=
2026-08-17 20:41:46,322 [WARNING] [posts/r_brasil/Lula/2026-07-01] Falha definitiva ao buscar pagina (after=1782864000). ESTA JANELA PODE ESTAR INCOMPLETA.
2026-08-17 20:41:56,326 [ERROR] Erro na requisicao para https://arctic-shift.photon-reddit.com/api/comments/search | params={'subreddit': 'brasil', 'body': 'Lula', 'after': 1782864000, 'before': 1785542400, 'limit': 100, 'sort': 'asc'} | erro=HTTPSConnectionPool(host='arctic-shift.photon-reddit.com', port=443): Max retries exceeded with url: /api/comments/search?subreddit=brasil&body=Lula&after=1782864000&before=1785542400&limit=100&sort=asc (Caused by NewConnectionError('<urllib3.connection.HTTPSConnection object at 0x724cd3f5e780>: Failed to establish a new connection: [Errno 101] Network is unreachable')) | resposta_api=
2026-08-17 20:41:56,327 [WARNING] [comments/r_brasil/Lula/2026-07-01] Falha definitiva ao buscar pagina (after=1782864000). ESTA JANELA PODE ESTAR INCOMPLETA.
2026-08-17 20:42:06,327 [INFO] [r/brasil | 'Lula'] Coleta finalizada: 400 posts e 700 comentarios.
2026-08-17 20:42:06,453 [INFO] [r/brasil | 'Lula'] Inseridos: 1100 novos documentos.
>>> [2/4] r/brasil - Bolsonaro
2026-08-17 20:42:07,129 [INFO] Variáveis carregadas de: /home/labpi/pave-pipeline/.env
2026-08-17 20:42:07,130 [INFO] === Coletando r/brasil para 'Bolsonaro' (2026-01-01 a 2026-08-01) ===
2026-08-17 20:42:07,131 [INFO] [r/brasil | 'Bolsonaro'] Periodo dividido em 7 janela(s).
2026-08-17 20:42:07,136 [ERROR] Erro na requisicao para https://arctic-shift.photon-reddit.com/api/posts/search | params={'subreddit': 'brasil', 'query': 'Bolsonaro', 'after': 1767225600, 'before': 1769904000, 'limit': 100, 'sort': 'asc'} | erro=HTTPSConnectionPool(host='arctic-shift.photon-reddit.com', port=443): Max retries exceeded with url: /api/posts/search?subreddit=brasil&query=Bolsonaro&after=1767225600&before=1769904000&limit=100&sort=asc (Caused by NewConnectionError('<urllib3.connection.HTTPSConnection object at 0x7cfa0234be60>: Failed to establish a new connection: [Errno 101] Network is unreachable')) | resposta_api=
2026-08-17 20:42:07,136 [WARNING] [posts/r_brasil/Bolsonaro/2026-01-01] Falha definitiva ao buscar pagina (after=1767225600). ESTA JANELA PODE ESTAR INCOMPLETA.
2026-08-17 20:42:18,177 [ERROR] Erro na requisicao para https://arctic-shift.photon-reddit.com/api/comments/search | params={'subreddit': 'brasil', 'body': 'Bolsonaro', 'after': 1767225600, 'before': 1769904000, 'limit': 100, 'sort': 'asc'} | erro=HTTPSConnectionPool(host='arctic-shift.photon-reddit.com', port=443): Max retries exceeded with url: /api/comments/search?subreddit=brasil&body=Bolsonaro&after=1767225600&before=1769904000&limit=100&sort=asc (Caused by NewConnectionError('<urllib3.connection.HTTPSConnection object at 0x7cfa0209e540>: Failed to establish a new connection: [Errno 101] Network is unreachable')) | resposta_api=
2026-08-17 20:42:18,177 [WARNING] [comments/r_brasil/Bolsonaro/2026-01-01] Falha definitiva ao buscar pagina (after=1767225600). ESTA JANELA PODE ESTAR INCOMPLETA.
2026-08-17 20:42:28,183 [ERROR] Erro na requisicao para https://arctic-shift.photon-reddit.com/api/posts/search | params={'subreddit': 'brasil', 'query': 'Bolsonaro', 'after': 1769904000, 'before': 1772323200, 'limit': 100, 'sort': 'asc'} | erro=HTTPSConnectionPool(host='arctic-shift.photon-reddit.com', port=443): Max retries exceeded with url: /api/posts/search?subreddit=brasil&query=Bolsonaro&after=1769904000&before=1772323200&limit=100&sort=asc (Caused by NewConnectionError('<urllib3.connection.HTTPSConnection object at 0x7cfa0209ecc0>: Failed to establish a new connection: [Errno 101] Network is unreachable')) | resposta_api=
2026-08-17 20:42:28,184 [WARNING] [posts/r_brasil/Bolsonaro/2026-02-01] Falha definitiva ao buscar pagina (after=1769904000). ESTA JANELA PODE ESTAR INCOMPLETA.
2026-08-17 20:42:38,192 [ERROR] Erro na requisicao para https://arctic-shift.photon-reddit.com/api/comments/search | params={'subreddit': 'brasil', 'body': 'Bolsonaro', 'after': 1769904000, 'before': 1772323200, 'limit': 100, 'sort': 'asc'} | erro=HTTPSConnectionPool(host='arctic-shift.photon-reddit.com', port=443): Max retries exceeded with url: /api/comments/search?subreddit=brasil&body=Bolsonaro&after=1769904000&before=1772323200&limit=100&sort=asc (Caused by NewConnectionError('<urllib3.connection.HTTPSConnection object at 0x7cfa0209f350>: Failed to establish a new connection: [Errno 101] Network is unreachable')) | resposta_api=
2026-08-17 20:42:38,192 [WARNING] [comments/r_brasil/Bolsonaro/2026-02-01] Falha definitiva ao buscar pagina (after=1769904000). ESTA JANELA PODE ESTAR INCOMPLETA.
2026-08-17 20:42:48,200 [ERROR] Erro na requisicao para https://arctic-shift.photon-reddit.com/api/posts/search | params={'subreddit': 'brasil', 'query': 'Bolsonaro', 'after': 1772323200, 'before': 1775001600, 'limit': 100, 'sort': 'asc'} | erro=HTTPSConnectionPool(host='arctic-shift.photon-reddit.com', port=443): Max retries exceeded with url: /api/posts/search?subreddit=brasil&query=Bolsonaro&after=1772323200&before=1775001600&limit=100&sort=asc (Caused by NewConnectionError('<urllib3.connection.HTTPSConnection object at 0x7cfa0209fad0>: Failed to establish a new connection: [Errno 101] Network is unreachable')) | resposta_api=
2026-08-17 20:42:48,201 [WARNING] [posts/r_brasil/Bolsonaro/2026-03-01] Falha definitiva ao buscar pagina (after=1772323200). ESTA JANELA PODE ESTAR INCOMPLETA.
2026-08-17 20:42:58,210 [ERROR] Erro na requisicao para https://arctic-shift.photon-reddit.com/api/comments/search | params={'subreddit': 'brasil', 'body': 'Bolsonaro', 'after': 1772323200, 'before': 1775001600, 'limit': 100, 'sort': 'asc'} | erro=HTTPSConnectionPool(host='arctic-shift.photon-reddit.com', port=443): Max retries exceeded with url: /api/comments/search?subreddit=brasil&body=Bolsonaro&after=1772323200&before=1775001600&limit=100&sort=asc (Caused by NewConnectionError('<urllib3.connection.HTTPSConnection object at 0x7cfa0209fbc0>: Failed to establish a new connection: [Errno 101] Network is unreachable')) | resposta_api=
2026-08-17 20:42:58,210 [WARNING] [comments/r_brasil/Bolsonaro/2026-03-01] Falha definitiva ao buscar pagina (after=1772323200). ESTA JANELA PODE ESTAR INCOMPLETA.
2026-08-17 20:43:08,218 [ERROR] Erro na requisicao para https://arctic-shift.photon-reddit.com/api/posts/search | params={'subreddit': 'brasil', 'query': 'Bolsonaro', 'after': 1775001600, 'before': 1777593600, 'limit': 100, 'sort': 'asc'} | erro=HTTPSConnectionPool(host='arctic-shift.photon-reddit.com', port=443): Max retries exceeded with url: /api/posts/search?subreddit=brasil&query=Bolsonaro&after=1775001600&before=1777593600&limit=100&sort=asc (Caused by NewConnectionError('<urllib3.connection.HTTPSConnection object at 0x7cfa0209f1a0>: Failed to establish a new connection: [Errno 101] Network is unreachable')) | resposta_api=
2026-08-17 20:43:08,218 [WARNING] [posts/r_brasil/Bolsonaro/2026-04-01] Falha definitiva ao buscar pagina (after=1775001600). ESTA JANELA PODE ESTAR INCOMPLETA.
2026-08-17 20:43:18,223 [ERROR] Erro na requisicao para https://arctic-shift.photon-reddit.com/api/comments/search | params={'subreddit': 'brasil', 'body': 'Bolsonaro', 'after': 1775001600, 'before': 1777593600, 'limit': 100, 'sort': 'asc'} | erro=HTTPSConnectionPool(host='arctic-shift.photon-reddit.com', port=443): Max retries exceeded with url: /api/comments/search?subreddit=brasil&body=Bolsonaro&after=1775001600&before=1777593600&limit=100&sort=asc (Caused by NewConnectionError('<urllib3.connection.HTTPSConnection object at 0x7cfa0209ea50>: Failed to establish a new connection: [Errno 101] Network is unreachable')) | resposta_api=
2026-08-17 20:43:18,223 [WARNING] [comments/r_brasil/Bolsonaro/2026-04-01] Falha definitiva ao buscar pagina (after=1775001600). ESTA JANELA PODE ESTAR INCOMPLETA.
2026-08-17 20:43:28,232 [ERROR] Erro na requisicao para https://arctic-shift.photon-reddit.com/api/posts/search | params={'subreddit': 'brasil', 'query': 'Bolsonaro', 'after': 1777593600, 'before': 1780272000, 'limit': 100, 'sort': 'asc'} | erro=HTTPSConnectionPool(host='arctic-shift.photon-reddit.com', port=443): Max retries exceeded with url: /api/posts/search?subreddit=brasil&query=Bolsonaro&after=1777593600&before=1780272000&limit=100&sort=asc (Caused by NewConnectionError('<urllib3.connection.HTTPSConnection object at 0x7cfa0209da30>: Failed to establish a new connection: [Errno 101] Network is unreachable')) | resposta_api=
2026-08-17 20:43:28,232 [WARNING] [posts/r_brasil/Bolsonaro/2026-05-01] Falha definitiva ao buscar pagina (after=1777593600). ESTA JANELA PODE ESTAR INCOMPLETA.
2026-08-17 20:43:38,240 [ERROR] Erro na requisicao para https://arctic-shift.photon-reddit.com/api/comments/search | params={'subreddit': 'brasil', 'body': 'Bolsonaro', 'after': 1777593600, 'before': 1780272000, 'limit': 100, 'sort': 'asc'} | erro=HTTPSConnectionPool(host='arctic-shift.photon-reddit.com', port=443): Max retries exceeded with url: /api/comments/search?subreddit=brasil&body=Bolsonaro&after=1777593600&before=1780272000&limit=100&sort=asc (Caused by NewConnectionError('<urllib3.connection.HTTPSConnection object at 0x7cfa020cc320>: Failed to establish a new connection: [Errno 101] Network is unreachable')) | resposta_api=
2026-08-17 20:43:38,241 [WARNING] [comments/r_brasil/Bolsonaro/2026-05-01] Falha definitiva ao buscar pagina (after=1777593600). ESTA JANELA PODE ESTAR INCOMPLETA.
2026-08-17 20:43:48,249 [ERROR] Erro na requisicao para https://arctic-shift.photon-reddit.com/api/posts/search | params={'subreddit': 'brasil', 'query': 'Bolsonaro', 'after': 1780272000, 'before': 1782864000, 'limit': 100, 'sort': 'asc'} | erro=HTTPSConnectionPool(host='arctic-shift.photon-reddit.com', port=443): Max retries exceeded with url: /api/posts/search?subreddit=brasil&query=Bolsonaro&after=1780272000&before=1782864000&limit=100&sort=asc (Caused by NewConnectionError('<urllib3.connection.HTTPSConnection object at 0x7cfa020ccbf0>: Failed to establish a new connection: [Errno 101] Network is unreachable')) | resposta_api=
2026-08-17 20:43:48,249 [WARNING] [posts/r_brasil/Bolsonaro/2026-06-01] Falha definitiva ao buscar pagina (after=1780272000). ESTA JANELA PODE ESTAR INCOMPLETA.
2026-08-17 20:44:17,053 [ERROR] Erro na requisicao para https://arctic-shift.photon-reddit.com/api/comments/search | params={'subreddit': 'brasil', 'body': 'Bolsonaro', 'after': 1780272000, 'before': 1782864000, 'limit': 100, 'sort': 'asc'} | erro=HTTPSConnectionPool(host='arctic-shift.photon-reddit.com', port=443): Max retries exceeded with url: /api/comments/search?subreddit=brasil&body=Bolsonaro&after=1780272000&before=1782864000&limit=100&sort=asc (Caused by NameResolutionError("<urllib3.connection.HTTPSConnection object at 0x7cfa0209d940>: Failed to resolve 'arctic-shift.photon-reddit.com' ([Errno -3] Temporary failure in name resolution)")) | resposta_api=
2026-08-17 20:44:17,053 [WARNING] [comments/r_brasil/Bolsonaro/2026-06-01] Falha definitiva ao buscar pagina (after=1780272000). ESTA JANELA PODE ESTAR INCOMPLETA.
2026-08-17 20:44:45,303 [ERROR] Erro na requisicao para https://arctic-shift.photon-reddit.com/api/posts/search | params={'subreddit': 'brasil', 'query': 'Bolsonaro', 'after': 1782864000, 'before': 1785542400, 'limit': 100, 'sort': 'asc'} | erro=HTTPSConnectionPool(host='arctic-shift.photon-reddit.com', port=443): Max retries exceeded with url: /api/posts/search?subreddit=brasil&query=Bolsonaro&after=1782864000&before=1785542400&limit=100&sort=asc (Caused by NameResolutionError("<urllib3.connection.HTTPSConnection object at 0x7cfa0209e9c0>: Failed to resolve 'arctic-shift.photon-reddit.com' ([Errno -3] Temporary failure in name resolution)")) | resposta_api=
2026-08-17 20:44:45,303 [WARNING] [posts/r_brasil/Bolsonaro/2026-07-01] Falha definitiva ao buscar pagina (after=1782864000). ESTA JANELA PODE ESTAR INCOMPLETA.
2026-08-17 20:45:10,324 [ERROR] Erro na requisicao para https://arctic-shift.photon-reddit.com/api/comments/search | params={'subreddit': 'brasil', 'body': 'Bolsonaro', 'after': 1782864000, 'before': 1785542400, 'limit': 100, 'sort': 'asc'} | erro=HTTPSConnectionPool(host='arctic-shift.photon-reddit.com', port=443): Max retries exceeded with url: /api/comments/search?subreddit=brasil&body=Bolsonaro&after=1782864000&before=1785542400&limit=100&sort=asc (Caused by NameResolutionError("<urllib3.connection.HTTPSConnection object at 0x7cfa0209f560>: Failed to resolve 'arctic-shift.photon-reddit.com' ([Errno -3] Temporary failure in name resolution)")) | resposta_api=
2026-08-17 20:45:10,325 [WARNING] [comments/r_brasil/Bolsonaro/2026-07-01] Falha definitiva ao buscar pagina (after=1782864000). ESTA JANELA PODE ESTAR INCOMPLETA.
2026-08-17 20:45:20,325 [INFO] [r/brasil | 'Bolsonaro'] Coleta finalizada: 0 posts e 0 comentarios.
2026-08-17 20:45:20,325 [WARNING] [r/brasil | 'Bolsonaro'] Nenhum dado para salvar no MongoDB.
>>> [3/4] r/brasilivre - Lula
2026-08-17 20:45:20,605 [INFO] Variáveis carregadas de: /home/labpi/pave-pipeline/.env
2026-08-17 20:45:20,606 [INFO] === Coletando r/brasilivre para 'Lula' (2026-01-01 a 2026-08-01) ===
2026-08-17 20:45:20,607 [INFO] [r/brasilivre | 'Lula'] Periodo dividido em 7 janela(s).
2026-08-17 20:45:39,052 [ERROR] Erro na requisicao para https://arctic-shift.photon-reddit.com/api/posts/search | params={'subreddit': 'brasilivre', 'query': 'Lula', 'after': 1767225600, 'before': 1769904000, 'limit': 100, 'sort': 'asc'} | erro=HTTPSConnectionPool(host='arctic-shift.photon-reddit.com', port=443): Max retries exceeded with url: /api/posts/search?subreddit=brasilivre&query=Lula&after=1767225600&before=1769904000&limit=100&sort=asc (Caused by NameResolutionError("<urllib3.connection.HTTPSConnection object at 0x72a1f54202f0>: Failed to resolve 'arctic-shift.photon-reddit.com' ([Errno -3] Temporary failure in name resolution)")) | resposta_api=
2026-08-17 20:45:39,052 [WARNING] [posts/r_brasilivre/Lula/2026-01-01] Falha definitiva ao buscar pagina (after=1767225600). ESTA JANELA PODE ESTAR INCOMPLETA.
2026-08-17 20:46:07,552 [ERROR] Erro na requisicao para https://arctic-shift.photon-reddit.com/api/comments/search | params={'subreddit': 'brasilivre', 'body': 'Lula', 'after': 1767225600, 'before': 1769904000, 'limit': 100, 'sort': 'asc'} | erro=HTTPSConnectionPool(host='arctic-shift.photon-reddit.com', port=443): Max retries exceeded with url: /api/comments/search?subreddit=brasilivre&body=Lula&after=1767225600&before=1769904000&limit=100&sort=asc (Caused by NameResolutionError("<urllib3.connection.HTTPSConnection object at 0x72a1f5422720>: Failed to resolve 'arctic-shift.photon-reddit.com' ([Errno -3] Temporary failure in name resolution)")) | resposta_api=
2026-08-17 20:46:07,552 [WARNING] [comments/r_brasilivre/Lula/2026-01-01] Falha definitiva ao buscar pagina (after=1767225600). ESTA JANELA PODE ESTAR INCOMPLETA.
2026-08-17 20:46:36,052 [ERROR] Erro na requisicao para https://arctic-shift.photon-reddit.com/api/posts/search | params={'subreddit': 'brasilivre', 'query': 'Lula', 'after': 1769904000, 'before': 1772323200, 'limit': 100, 'sort': 'asc'} | erro=HTTPSConnectionPool(host='arctic-shift.photon-reddit.com', port=443): Max retries exceeded with url: /api/posts/search?subreddit=brasilivre&query=Lula&after=1769904000&before=1772323200&limit=100&sort=asc (Caused by NameResolutionError("<urllib3.connection.HTTPSConnection object at 0x72a1f5422de0>: Failed to resolve 'arctic-shift.photon-reddit.com' ([Errno -3] Temporary failure in name resolution)")) | resposta_api=
2026-08-17 20:46:36,052 [WARNING] [posts/r_brasilivre/Lula/2026-02-01] Falha definitiva ao buscar pagina (after=1769904000). ESTA JANELA PODE ESTAR INCOMPLETA.
2026-08-17 20:47:01,072 [ERROR] Erro na requisicao para https://arctic-shift.photon-reddit.com/api/comments/search | params={'subreddit': 'brasilivre', 'body': 'Lula', 'after': 1769904000, 'before': 1772323200, 'limit': 100, 'sort': 'asc'} | erro=HTTPSConnectionPool(host='arctic-shift.photon-reddit.com', port=443): Max retries exceeded with url: /api/comments/search?subreddit=brasilivre&body=Lula&after=1769904000&before=1772323200&limit=100&sort=asc (Caused by NameResolutionError("<urllib3.connection.HTTPSConnection object at 0x72a1f5423530>: Failed to resolve 'arctic-shift.photon-reddit.com' ([Errno -3] Temporary failure in name resolution)")) | resposta_api=
2026-08-17 20:47:01,073 [WARNING] [comments/r_brasilivre/Lula/2026-02-01] Falha definitiva ao buscar pagina (after=1769904000). ESTA JANELA PODE ESTAR INCOMPLETA.
2026-08-17 20:47:26,089 [ERROR] Erro na requisicao para https://arctic-shift.photon-reddit.com/api/posts/search | params={'subreddit': 'brasilivre', 'query': 'Lula', 'after': 1772323200, 'before': 1775001600, 'limit': 100, 'sort': 'asc'} | erro=HTTPSConnectionPool(host='arctic-shift.photon-reddit.com', port=443): Max retries exceeded with url: /api/posts/search?subreddit=brasilivre&query=Lula&after=1772323200&before=1775001600&limit=100&sort=asc (Caused by NameResolutionError("<urllib3.connection.HTTPSConnection object at 0x72a1f5423bf0>: Failed to resolve 'arctic-shift.photon-reddit.com' ([Errno -3] Temporary failure in name resolution)")) | resposta_api=
2026-08-17 20:47:26,090 [WARNING] [posts/r_brasilivre/Lula/2026-03-01] Falha definitiva ao buscar pagina (after=1772323200). ESTA JANELA PODE ESTAR INCOMPLETA.
2026-08-17 20:47:54,053 [ERROR] Erro na requisicao para https://arctic-shift.photon-reddit.com/api/comments/search | params={'subreddit': 'brasilivre', 'body': 'Lula', 'after': 1772323200, 'before': 1775001600, 'limit': 100, 'sort': 'asc'} | erro=HTTPSConnectionPool(host='arctic-shift.photon-reddit.com', port=443): Max retries exceeded with url: /api/comments/search?subreddit=brasilivre&body=Lula&after=1772323200&before=1775001600&limit=100&sort=asc (Caused by NameResolutionError("<urllib3.connection.HTTPSConnection object at 0x72a1f54239b0>: Failed to resolve 'arctic-shift.photon-reddit.com' ([Errno -3] Temporary failure in name resolution)")) | resposta_api=
2026-08-17 20:47:54,053 [WARNING] [comments/r_brasilivre/Lula/2026-03-01] Falha definitiva ao buscar pagina (after=1772323200). ESTA JANELA PODE ESTAR INCOMPLETA.
2026-08-17 20:48:22,054 [ERROR] Erro na requisicao para https://arctic-shift.photon-reddit.com/api/posts/search | params={'subreddit': 'brasilivre', 'query': 'Lula', 'after': 1775001600, 'before': 1777593600, 'limit': 100, 'sort': 'asc'} | erro=HTTPSConnectionPool(host='arctic-shift.photon-reddit.com', port=443): Max retries exceeded with url: /api/posts/search?subreddit=brasilivre&query=Lula&after=1775001600&before=1777593600&limit=100&sort=asc (Caused by NameResolutionError("<urllib3.connection.HTTPSConnection object at 0x72a1f5423560>: Failed to resolve 'arctic-shift.photon-reddit.com' ([Errno -3] Temporary failure in name resolution)")) | resposta_api=
2026-08-17 20:48:22,054 [WARNING] [posts/r_brasilivre/Lula/2026-04-01] Falha definitiva ao buscar pagina (after=1775001600). ESTA JANELA PODE ESTAR INCOMPLETA.
2026-08-17 20:48:42,953 [WARNING] Erro transitorio da API ('Timeout. Maybe slow down a bit') na tentativa 1/5. Aguardando 15s...
2026-08-17 20:49:13,930 [WARNING] Erro transitorio da API ('Timeout. Maybe slow down a bit') na tentativa 2/5. Aguardando 30s...
2026-08-17 20:50:00,480 [WARNING] Erro transitorio da API ('Timeout. Maybe slow down a bit') na tentativa 3/5. Aguardando 45s...
2026-08-17 20:50:47,138 [WARNING] Erro transitorio da API ('Timeout. Maybe slow down a bit') na tentativa 4/5. Aguardando 60s...
2026-08-17 20:52:05,581 [ERROR] Erro na requisicao para https://arctic-shift.photon-reddit.com/api/comments/search | params={'subreddit': 'brasilivre', 'body': 'Lula', 'after': 1775001600, 'before': 1777593600, 'limit': 100, 'sort': 'asc'} | erro=422 Client Error: Unprocessable Entity for url: https://arctic-shift.photon-reddit.com/api/comments/search?subreddit=brasilivre&body=Lula&after=1775001600&before=1777593600&limit=100&sort=asc | resposta_api={"data":null,"error":"Timeout. Maybe slow down a bit"}
2026-08-17 20:52:05,583 [WARNING] [comments/r_brasilivre/Lula/2026-04-01] Falha definitiva ao buscar pagina (after=1775001600). ESTA JANELA PODE ESTAR INCOMPLETA.
2026-08-17 20:52:23,688 [WARNING] Erro transitorio da API ('Timeout. Maybe slow down a bit') na tentativa 1/5. Aguardando 15s...
2026-08-17 20:52:44,626 [WARNING] Erro transitorio da API ('Timeout. Maybe slow down a bit') na tentativa 2/5. Aguardando 30s...
2026-08-17 20:53:16,286 [WARNING] Erro transitorio da API ('Timeout. Maybe slow down a bit') na tentativa 3/5. Aguardando 45s...
2026-08-17 20:54:08,265 [WARNING] Erro transitorio da API ('Timeout. Maybe slow down a bit') na tentativa 4/5. Aguardando 60s...
2026-08-17 20:55:14,099 [ERROR] Erro na requisicao para https://arctic-shift.photon-reddit.com/api/posts/search | params={'subreddit': 'brasilivre', 'query': 'Lula', 'after': 1777593600, 'before': 1780272000, 'limit': 100, 'sort': 'asc'} | erro=422 Client Error: Unprocessable Entity for url: https://arctic-shift.photon-reddit.com/api/posts/search?subreddit=brasilivre&query=Lula&after=1777593600&before=1780272000&limit=100&sort=asc | resposta_api={"data":null,"error":"Timeout. Maybe slow down a bit"}
2026-08-17 20:55:14,102 [WARNING] [posts/r_brasilivre/Lula/2026-05-01] Falha definitiva ao buscar pagina (after=1777593600). ESTA JANELA PODE ESTAR INCOMPLETA.
2026-08-17 20:55:40,144 [WARNING] Erro transitorio da API ('Timeout. Maybe slow down a bit') na tentativa 1/5. Aguardando 15s...
2026-08-17 20:55:59,766 [INFO] [comments/r_brasilivre/Lula/2026-05-01] +100 itens (total: 100)
2026-08-17 20:56:16,476 [INFO] [comments/r_brasilivre/Lula/2026-05-01] +100 itens (total: 200)
2026-08-17 20:56:38,594 [WARNING] Erro transitorio da API ('Timeout. Maybe slow down a bit') na tentativa 1/5. Aguardando 15s...
2026-08-17 20:57:09,377 [WARNING] Erro transitorio da API ('Timeout. Maybe slow down a bit') na tentativa 2/5. Aguardando 30s...
2026-08-17 20:57:40,386 [WARNING] Erro transitorio da API ('Timeout. Maybe slow down a bit') na tentativa 3/5. Aguardando 45s...
2026-08-17 20:58:28,726 [WARNING] Erro transitorio da API ('Timeout. Maybe slow down a bit') na tentativa 4/5. Aguardando 60s...
2026-08-17 20:59:46,558 [ERROR] Erro na requisicao para https://arctic-shift.photon-reddit.com/api/comments/search | params={'subreddit': 'brasilivre', 'body': 'Lula', 'after': 1778065783, 'before': 1780272000, 'limit': 100, 'sort': 'asc'} | erro=422 Client Error: Unprocessable Entity for url: https://arctic-shift.photon-reddit.com/api/comments/search?subreddit=brasilivre&body=Lula&after=1778065783&before=1780272000&limit=100&sort=asc | resposta_api={"data":null,"error":"Timeout. Maybe slow down a bit"}
2026-08-17 20:59:46,561 [WARNING] [comments/r_brasilivre/Lula/2026-05-01] Falha definitiva ao buscar pagina (after=1778065783). ESTA JANELA PODE ESTAR INCOMPLETA.
2026-08-17 21:00:05,770 [INFO] [posts/r_brasilivre/Lula/2026-06-01] +100 itens (total: 100)
2026-08-17 21:00:18,737 [WARNING] Erro transitorio da API ('Timeout. Maybe slow down a bit') na tentativa 1/5. Aguardando 15s...
2026-08-17 21:00:41,230 [INFO] [posts/r_brasilivre/Lula/2026-06-01] +100 itens (total: 200)
2026-08-17 21:00:58,813 [WARNING] Erro transitorio da API ('Timeout. Maybe slow down a bit') na tentativa 1/5. Aguardando 15s...
2026-08-17 21:01:19,565 [WARNING] Erro transitorio da API ('Timeout. Maybe slow down a bit') na tentativa 2/5. Aguardando 30s...
2026-08-17 21:01:56,624 [WARNING] Erro transitorio da API ('Timeout. Maybe slow down a bit') na tentativa 3/5. Aguardando 45s...
2026-08-17 21:02:43,976 [WARNING] Erro transitorio da API ('Timeout. Maybe slow down a bit') na tentativa 4/5. Aguardando 60s...
2026-08-17 21:03:50,229 [ERROR] Erro na requisicao para https://arctic-shift.photon-reddit.com/api/posts/search | params={'subreddit': 'brasilivre', 'query': 'Lula', 'after': 1781910186, 'before': 1782864000, 'limit': 100, 'sort': 'asc'} | erro=422 Client Error: Unprocessable Entity for url: https://arctic-shift.photon-reddit.com/api/posts/search?subreddit=brasilivre&query=Lula&after=1781910186&before=1782864000&limit=100&sort=asc | resposta_api={"data":null,"error":"Timeout. Maybe slow down a bit"}
2026-08-17 21:03:50,230 [WARNING] [posts/r_brasilivre/Lula/2026-06-01] Falha definitiva ao buscar pagina (after=1781910186). ESTA JANELA PODE ESTAR INCOMPLETA.
2026-08-17 21:04:14,470 [WARNING] Erro transitorio da API ('Timeout. Maybe slow down a bit') na tentativa 1/5. Aguardando 15s...
2026-08-17 21:04:30,131 [WARNING] Erro transitorio da API ('Timeout. Maybe slow down a bit') na tentativa 2/5. Aguardando 30s...
2026-08-17 21:05:17,226 [WARNING] Erro transitorio da API ('Timeout. Maybe slow down a bit') na tentativa 3/5. Aguardando 45s...
2026-08-17 21:06:15,536 [INFO] [comments/r_brasilivre/Lula/2026-06-01] +100 itens (total: 100)
2026-08-17 21:06:36,271 [INFO] [comments/r_brasilivre/Lula/2026-06-01] +100 itens (total: 200)
2026-08-17 21:07:04,314 [WARNING] Erro transitorio da API ('Timeout. Maybe slow down a bit') na tentativa 1/5. Aguardando 15s...
2026-08-17 21:07:32,621 [WARNING] Erro transitorio da API ('Timeout. Maybe slow down a bit') na tentativa 2/5. Aguardando 30s...
2026-08-17 21:08:04,317 [WARNING] Erro transitorio da API ('Timeout. Maybe slow down a bit') na tentativa 3/5. Aguardando 45s...
2026-08-17 21:09:03,583 [WARNING] Erro transitorio da API ('Timeout. Maybe slow down a bit') na tentativa 4/5. Aguardando 60s...
2026-08-17 21:10:15,518 [ERROR] Erro na requisicao para https://arctic-shift.photon-reddit.com/api/comments/search | params={'subreddit': 'brasilivre', 'body': 'Lula', 'after': 1780435499, 'before': 1782864000, 'limit': 100, 'sort': 'asc'} | erro=422 Client Error: Unprocessable Entity for url: https://arctic-shift.photon-reddit.com/api/comments/search?subreddit=brasilivre&body=Lula&after=1780435499&before=1782864000&limit=100&sort=asc | resposta_api={"data":null,"error":"Timeout. Maybe slow down a bit"}
2026-08-17 21:10:15,519 [WARNING] [comments/r_brasilivre/Lula/2026-06-01] Falha definitiva ao buscar pagina (after=1780435499). ESTA JANELA PODE ESTAR INCOMPLETA.
2026-08-17 21:10:27,721 [WARNING] Erro transitorio da API ('Timeout. Maybe slow down a bit') na tentativa 1/5. Aguardando 15s...
2026-08-17 21:10:51,583 [INFO] [posts/r_brasilivre/Lula/2026-07-01] +100 itens (total: 100)
2026-08-17 21:11:04,474 [WARNING] Erro transitorio da API ('Timeout. Maybe slow down a bit') na tentativa 1/5. Aguardando 15s...
2026-08-17 21:11:26,010 [WARNING] Erro transitorio da API ('Timeout. Maybe slow down a bit') na tentativa 2/5. Aguardando 30s...
2026-08-17 21:12:06,584 [INFO] [posts/r_brasilivre/Lula/2026-07-01] +100 itens (total: 200)
2026-08-17 21:12:19,428 [WARNING] Erro transitorio da API ('Timeout. Maybe slow down a bit') na tentativa 1/5. Aguardando 15s...
2026-08-17 21:12:34,904 [WARNING] Erro transitorio da API ('Timeout. Maybe slow down a bit') na tentativa 2/5. Aguardando 30s...
2026-08-17 21:13:11,993 [INFO] [posts/r_brasilivre/Lula/2026-07-01] +95 itens (total: 295)
2026-08-17 21:13:35,502 [WARNING] Erro transitorio da API ('Timeout. Maybe slow down a bit') na tentativa 1/5. Aguardando 15s...
2026-08-17 21:13:53,274 [WARNING] Erro transitorio da API ('Timeout. Maybe slow down a bit') na tentativa 2/5. Aguardando 30s...
2026-08-17 21:14:25,007 [WARNING] Erro transitorio da API ('Timeout. Maybe slow down a bit') na tentativa 3/5. Aguardando 45s...
2026-08-17 21:15:25,521 [WARNING] Erro transitorio da API ('Timeout. Maybe slow down a bit') na tentativa 4/5. Aguardando 60s...
2026-08-17 21:16:40,246 [ERROR] Erro na requisicao para https://arctic-shift.photon-reddit.com/api/comments/search | params={'subreddit': 'brasilivre', 'body': 'Lula', 'after': 1782864000, 'before': 1785542400, 'limit': 100, 'sort': 'asc'} | erro=422 Client Error: Unprocessable Entity for url: https://arctic-shift.photon-reddit.com/api/comments/search?subreddit=brasilivre&body=Lula&after=1782864000&before=1785542400&limit=100&sort=asc | resposta_api={"data":null,"error":"Timeout. Maybe slow down a bit"}
2026-08-17 21:16:40,248 [WARNING] [comments/r_brasilivre/Lula/2026-07-01] Falha definitiva ao buscar pagina (after=1782864000). ESTA JANELA PODE ESTAR INCOMPLETA.
2026-08-17 21:16:50,250 [INFO] [r/brasilivre | 'Lula'] Coleta finalizada: 495 posts e 400 comentarios.
2026-08-17 21:16:50,324 [INFO] [r/brasilivre | 'Lula'] Inseridos: 895 novos documentos.
>>> [4/4] r/brasilivre - Bolsonaro
2026-08-17 21:16:51,035 [INFO] Variáveis carregadas de: /home/labpi/pave-pipeline/.env
2026-08-17 21:16:51,036 [INFO] === Coletando r/brasilivre para 'Bolsonaro' (2026-01-01 a 2026-08-01) ===
2026-08-17 21:16:51,037 [INFO] [r/brasilivre | 'Bolsonaro'] Periodo dividido em 7 janela(s).
2026-08-17 21:16:55,053 [WARNING] Erro transitorio da API ('Timeout. Maybe slow down a bit') na tentativa 1/5. Aguardando 15s...
2026-08-17 21:17:15,814 [WARNING] Erro transitorio da API ('Timeout. Maybe slow down a bit') na tentativa 2/5. Aguardando 30s...
2026-08-17 21:17:58,000 [INFO] [posts/r_brasilivre/Bolsonaro/2026-01-01] +100 itens (total: 100)
2026-08-17 21:18:10,402 [WARNING] Erro transitorio da API ('Timeout. Maybe slow down a bit') na tentativa 1/5. Aguardando 15s...
2026-08-17 21:18:35,579 [INFO] [posts/r_brasilivre/Bolsonaro/2026-01-01] +10 itens (total: 110)
2026-08-17 21:18:49,303 [WARNING] Erro transitorio da API ('Timeout. Maybe slow down a bit') na tentativa 1/5. Aguardando 15s...
2026-08-17 21:19:05,572 [WARNING] Erro transitorio da API ('Timeout. Maybe slow down a bit') na tentativa 2/5. Aguardando 30s...
2026-08-17 21:19:38,621 [WARNING] Erro transitorio da API ('Timeout. Maybe slow down a bit') na tentativa 3/5. Aguardando 45s...
2026-08-17 21:20:26,021 [WARNING] Erro transitorio da API ('Timeout. Maybe slow down a bit') na tentativa 4/5. Aguardando 60s...
2026-08-17 21:21:38,056 [ERROR] Erro na requisicao para https://arctic-shift.photon-reddit.com/api/comments/search | params={'subreddit': 'brasilivre', 'body': 'Bolsonaro', 'after': 1767225600, 'before': 1769904000, 'limit': 100, 'sort': 'asc'} | erro=422 Client Error: Unprocessable Entity for url: https://arctic-shift.photon-reddit.com/api/comments/search?subreddit=brasilivre&body=Bolsonaro&after=1767225600&before=1769904000&limit=100&sort=asc | resposta_api={"data":null,"error":"Timeout. Maybe slow down a bit"}
2026-08-17 21:21:38,057 [WARNING] [comments/r_brasilivre/Bolsonaro/2026-01-01] Falha definitiva ao buscar pagina (after=1767225600). ESTA JANELA PODE ESTAR INCOMPLETA.
2026-08-17 21:21:55,215 [INFO] [posts/r_brasilivre/Bolsonaro/2026-02-01] +78 itens (total: 78)
2026-08-17 21:22:17,437 [INFO] [comments/r_brasilivre/Bolsonaro/2026-02-01] +100 itens (total: 100)
2026-08-17 21:22:46,158 [WARNING] Erro transitorio da API ('Timeout. Maybe slow down a bit') na tentativa 1/5. Aguardando 15s...
2026-08-17 21:23:17,561 [WARNING] Erro transitorio da API ('Timeout. Maybe slow down a bit') na tentativa 2/5. Aguardando 30s...
2026-08-17 21:24:02,064 [WARNING] Erro transitorio da API ('Timeout. Maybe slow down a bit') na tentativa 3/5. Aguardando 45s...
2026-08-17 21:25:00,162 [INFO] [comments/r_brasilivre/Bolsonaro/2026-02-01] +100 itens (total: 200)
2026-08-17 21:25:28,662 [WARNING] Erro transitorio da API ('Timeout. Maybe slow down a bit') na tentativa 1/5. Aguardando 15s...
2026-08-17 21:26:01,942 [WARNING] Erro transitorio da API ('Timeout. Maybe slow down a bit') na tentativa 2/5. Aguardando 30s...
2026-08-17 21:26:47,862 [WARNING] Erro transitorio da API ('Timeout. Maybe slow down a bit') na tentativa 3/5. Aguardando 45s...
2026-08-17 21:27:50,597 [WARNING] Erro transitorio da API ('Timeout. Maybe slow down a bit') na tentativa 4/5. Aguardando 60s...
2026-08-17 21:29:12,074 [ERROR] Erro na requisicao para https://arctic-shift.photon-reddit.com/api/comments/search | params={'subreddit': 'brasilivre', 'body': 'Bolsonaro', 'after': 1770315921, 'before': 1772323200, 'limit': 100, 'sort': 'asc'} | erro=422 Client Error: Unprocessable Entity for url: https://arctic-shift.photon-reddit.com/api/comments/search?subreddit=brasilivre&body=Bolsonaro&after=1770315921&before=1772323200&limit=100&sort=asc | resposta_api={"data":null,"error":"Timeout. Maybe slow down a bit"}
2026-08-17 21:29:12,075 [WARNING] [comments/r_brasilivre/Bolsonaro/2026-02-01] Falha definitiva ao buscar pagina (after=1770315921). ESTA JANELA PODE ESTAR INCOMPLETA.
2026-08-17 21:29:29,333 [WARNING] Erro transitorio da API ('Timeout. Maybe slow down a bit') na tentativa 1/5. Aguardando 15s...
2026-08-17 21:29:44,993 [WARNING] Erro transitorio da API ('Timeout. Maybe slow down a bit') na tentativa 2/5. Aguardando 30s...
2026-08-17 21:30:16,829 [WARNING] Erro transitorio da API ('Timeout. Maybe slow down a bit') na tentativa 3/5. Aguardando 45s...
2026-08-17 21:31:03,595 [WARNING] Erro transitorio da API ('Timeout. Maybe slow down a bit') na tentativa 4/5. Aguardando 60s...
2026-08-17 21:32:09,765 [ERROR] Erro na requisicao para https://arctic-shift.photon-reddit.com/api/posts/search | params={'subreddit': 'brasilivre', 'query': 'Bolsonaro', 'after': 1772323200, 'before': 1775001600, 'limit': 100, 'sort': 'asc'} | erro=422 Client Error: Unprocessable Entity for url: https://arctic-shift.photon-reddit.com/api/posts/search?subreddit=brasilivre&query=Bolsonaro&after=1772323200&before=1775001600&limit=100&sort=asc | resposta_api={"data":null,"error":"Timeout. Maybe slow down a bit"}
2026-08-17 21:32:09,767 [WARNING] [posts/r_brasilivre/Bolsonaro/2026-03-01] Falha definitiva ao buscar pagina (after=1772323200). ESTA JANELA PODE ESTAR INCOMPLETA.
2026-08-17 21:32:30,233 [INFO] [comments/r_brasilivre/Bolsonaro/2026-03-01] +100 itens (total: 100)
2026-08-17 21:32:54,589 [WARNING] Erro transitorio da API ('Timeout. Maybe slow down a bit') na tentativa 1/5. Aguardando 15s...
2026-08-17 21:33:10,202 [WARNING] Erro transitorio da API ('Timeout. Maybe slow down a bit') na tentativa 2/5. Aguardando 30s...
2026-08-17 21:33:52,750 [WARNING] Erro transitorio da API ('Timeout. Maybe slow down a bit') na tentativa 3/5. Aguardando 45s...
2026-08-17 21:34:39,954 [WARNING] Erro transitorio da API ('Timeout. Maybe slow down a bit') na tentativa 4/5. Aguardando 60s...
2026-08-17 21:36:00,221 [ERROR] Erro na requisicao para https://arctic-shift.photon-reddit.com/api/comments/search | params={'subreddit': 'brasilivre', 'body': 'Bolsonaro', 'after': 1772553603, 'before': 1775001600, 'limit': 100, 'sort': 'asc'} | erro=422 Client Error: Unprocessable Entity for url: https://arctic-shift.photon-reddit.com/api/comments/search?subreddit=brasilivre&body=Bolsonaro&after=1772553603&before=1775001600&limit=100&sort=asc | resposta_api={"data":null,"error":"Timeout. Maybe slow down a bit"}
2026-08-17 21:36:00,223 [WARNING] [comments/r_brasilivre/Bolsonaro/2026-03-01] Falha definitiva ao buscar pagina (after=1772553603). ESTA JANELA PODE ESTAR INCOMPLETA.
2026-08-17 21:36:14,319 [WARNING] Erro transitorio da API ('Timeout. Maybe slow down a bit') na tentativa 1/5. Aguardando 15s...
2026-08-17 21:36:36,761 [INFO] [posts/r_brasilivre/Bolsonaro/2026-04-01] +100 itens (total: 100)
2026-08-17 21:36:49,895 [WARNING] Erro transitorio da API ('Timeout. Maybe slow down a bit') na tentativa 1/5. Aguardando 15s...
2026-08-17 21:37:16,465 [INFO] [posts/r_brasilivre/Bolsonaro/2026-04-01] +2 itens (total: 102)
2026-08-17 21:37:38,186 [WARNING] Erro transitorio da API ('Timeout. Maybe slow down a bit') na tentativa 1/5. Aguardando 15s...
2026-08-17 21:38:02,843 [INFO] [comments/r_brasilivre/Bolsonaro/2026-04-01] +100 itens (total: 100)
2026-08-17 21:38:34,616 [WARNING] Erro transitorio da API ('Timeout. Maybe slow down a bit') na tentativa 1/5. Aguardando 15s...
2026-08-17 21:39:04,928 [WARNING] Erro transitorio da API ('Timeout. Maybe slow down a bit') na tentativa 2/5. Aguardando 30s...
2026-08-17 21:39:48,073 [WARNING] Erro transitorio da API ('Timeout. Maybe slow down a bit') na tentativa 3/5. Aguardando 45s...
2026-08-17 21:40:51,008 [WARNING] Erro transitorio da API ('Timeout. Maybe slow down a bit') na tentativa 4/5. Aguardando 60s...
2026-08-17 21:42:06,637 [ERROR] Erro na requisicao para https://arctic-shift.photon-reddit.com/api/comments/search | params={'subreddit': 'brasilivre', 'body': 'Bolsonaro', 'after': 1775077681, 'before': 1777593600, 'limit': 100, 'sort': 'asc'} | erro=422 Client Error: Unprocessable Entity for url: https://arctic-shift.photon-reddit.com/api/comments/search?subreddit=brasilivre&body=Bolsonaro&after=1775077681&before=1777593600&limit=100&sort=asc | resposta_api={"data":null,"error":"Timeout. Maybe slow down a bit"}
2026-08-17 21:42:06,638 [WARNING] [comments/r_brasilivre/Bolsonaro/2026-04-01] Falha definitiva ao buscar pagina (after=1775077681). ESTA JANELA PODE ESTAR INCOMPLETA.
2026-08-17 21:42:24,849 [WARNING] Erro transitorio da API ('Timeout. Maybe slow down a bit') na tentativa 1/5. Aguardando 15s...
2026-08-17 21:42:41,260 [WARNING] Erro transitorio da API ('Timeout. Maybe slow down a bit') na tentativa 2/5. Aguardando 30s...
2026-08-17 21:43:17,781 [WARNING] Erro transitorio da API ('Timeout. Maybe slow down a bit') na tentativa 3/5. Aguardando 45s...
2026-08-17 21:44:05,945 [WARNING] Erro transitorio da API ('Timeout. Maybe slow down a bit') na tentativa 4/5. Aguardando 60s...
2026-08-17 21:45:14,134 [INFO] [posts/r_brasilivre/Bolsonaro/2026-05-01] +100 itens (total: 100)
2026-08-17 21:45:31,535 [WARNING] Erro transitorio da API ('Timeout. Maybe slow down a bit') na tentativa 1/5. Aguardando 15s...
2026-08-17 21:45:52,211 [WARNING] Erro transitorio da API ('Timeout. Maybe slow down a bit') na tentativa 2/5. Aguardando 30s...
2026-08-17 21:46:28,449 [WARNING] Erro transitorio da API ('Timeout. Maybe slow down a bit') na tentativa 3/5. Aguardando 45s...
2026-08-17 21:47:22,397 [WARNING] Erro transitorio da API ('Timeout. Maybe slow down a bit') na tentativa 4/5. Aguardando 60s...
2026-08-17 21:48:28,590 [ERROR] Erro na requisicao para https://arctic-shift.photon-reddit.com/api/posts/search | params={'subreddit': 'brasilivre', 'query': 'Bolsonaro', 'after': 1779307676, 'before': 1780272000, 'limit': 100, 'sort': 'asc'} | erro=422 Client Error: Unprocessable Entity for url: https://arctic-shift.photon-reddit.com/api/posts/search?subreddit=brasilivre&query=Bolsonaro&after=1779307676&before=1780272000&limit=100&sort=asc | resposta_api={"data":null,"error":"Timeout. Maybe slow down a bit"}
2026-08-17 21:48:28,591 [WARNING] [posts/r_brasilivre/Bolsonaro/2026-05-01] Falha definitiva ao buscar pagina (after=1779307676). ESTA JANELA PODE ESTAR INCOMPLETA.
2026-08-17 21:48:42,420 [WARNING] Erro transitorio da API ('Timeout. Maybe slow down a bit') na tentativa 1/5. Aguardando 15s...
2026-08-17 21:49:11,192 [WARNING] Erro transitorio da API ('Timeout. Maybe slow down a bit') na tentativa 2/5. Aguardando 30s...
2026-08-17 21:49:48,625 [INFO] [comments/r_brasilivre/Bolsonaro/2026-05-01] +100 itens (total: 100)
2026-08-17 21:50:00,407 [WARNING] Erro transitorio da API ('Timeout. Maybe slow down a bit') na tentativa 1/5. Aguardando 15s...
2026-08-17 21:50:31,472 [WARNING] Erro transitorio da API ('Timeout. Maybe slow down a bit') na tentativa 2/5. Aguardando 30s...
2026-08-17 21:51:18,643 [WARNING] Erro transitorio da API ('Timeout. Maybe slow down a bit') na tentativa 3/5. Aguardando 45s...
2026-08-17 21:52:17,221 [INFO] [comments/r_brasilivre/Bolsonaro/2026-05-01] +100 itens (total: 200)
2026-08-17 21:52:45,106 [WARNING] Erro transitorio da API ('Timeout. Maybe slow down a bit') na tentativa 1/5. Aguardando 15s...
2026-08-17 21:53:15,999 [WARNING] Erro transitorio da API ('Timeout. Maybe slow down a bit') na tentativa 2/5. Aguardando 30s...
2026-08-17 21:54:01,833 [WARNING] Erro transitorio da API ('Timeout. Maybe slow down a bit') na tentativa 3/5. Aguardando 45s...
2026-08-17 21:55:02,786 [WARNING] Erro transitorio da API ('Timeout. Maybe slow down a bit') na tentativa 4/5. Aguardando 60s...
2026-08-17 21:56:20,139 [ERROR] Erro na requisicao para https://arctic-shift.photon-reddit.com/api/comments/search | params={'subreddit': 'brasilivre', 'body': 'Bolsonaro', 'after': 1778175363, 'before': 1780272000, 'limit': 100, 'sort': 'asc'} | erro=422 Client Error: Unprocessable Entity for url: https://arctic-shift.photon-reddit.com/api/comments/search?subreddit=brasilivre&body=Bolsonaro&after=1778175363&before=1780272000&limit=100&sort=asc | resposta_api={"data":null,"error":"Timeout. Maybe slow down a bit"}
2026-08-17 21:56:20,141 [WARNING] [comments/r_brasilivre/Bolsonaro/2026-05-01] Falha definitiva ao buscar pagina (after=1778175363). ESTA JANELA PODE ESTAR INCOMPLETA.
2026-08-17 21:56:32,996 [WARNING] Erro transitorio da API ('Timeout. Maybe slow down a bit') na tentativa 1/5. Aguardando 15s...
2026-08-17 21:56:58,863 [INFO] [posts/r_brasilivre/Bolsonaro/2026-06-01] +100 itens (total: 100)
2026-08-17 21:57:17,949 [WARNING] Erro transitorio da API ('Timeout. Maybe slow down a bit') na tentativa 1/5. Aguardando 15s...
2026-08-17 21:57:34,016 [WARNING] Erro transitorio da API ('Timeout. Maybe slow down a bit') na tentativa 2/5. Aguardando 30s...
2026-08-17 21:58:11,455 [WARNING] Erro transitorio da API ('Timeout. Maybe slow down a bit') na tentativa 3/5. Aguardando 45s...
2026-08-17 21:58:58,266 [WARNING] Erro transitorio da API ('Timeout. Maybe slow down a bit') na tentativa 4/5. Aguardando 60s...
2026-08-17 22:00:05,450 [INFO] [posts/r_brasilivre/Bolsonaro/2026-06-01] +36 itens (total: 136)
2026-08-17 22:00:24,135 [INFO] [comments/r_brasilivre/Bolsonaro/2026-06-01] +100 itens (total: 100)
2026-08-17 22:00:36,410 [WARNING] Erro transitorio da API ('Timeout. Maybe slow down a bit') na tentativa 1/5. Aguardando 15s...
2026-08-17 22:01:04,005 [WARNING] Erro transitorio da API ('Timeout. Maybe slow down a bit') na tentativa 2/5. Aguardando 30s...
2026-08-17 22:01:47,242 [WARNING] Erro transitorio da API ('Timeout. Maybe slow down a bit') na tentativa 3/5. Aguardando 45s...
2026-08-17 22:02:51,604 [WARNING] Erro transitorio da API ('Timeout. Maybe slow down a bit') na tentativa 4/5. Aguardando 60s...
2026-08-17 22:04:07,169 [ERROR] Erro na requisicao para https://arctic-shift.photon-reddit.com/api/comments/search | params={'subreddit': 'brasilivre', 'body': 'Bolsonaro', 'after': 1780426453, 'before': 1782864000, 'limit': 100, 'sort': 'asc'} | erro=422 Client Error: Unprocessable Entity for url: https://arctic-shift.photon-reddit.com/api/comments/search?subreddit=brasilivre&body=Bolsonaro&after=1780426453&before=1782864000&limit=100&sort=asc | resposta_api={"data":null,"error":"Timeout. Maybe slow down a bit"}
2026-08-17 22:04:07,172 [WARNING] [comments/r_brasilivre/Bolsonaro/2026-06-01] Falha definitiva ao buscar pagina (after=1780426453). ESTA JANELA PODE ESTAR INCOMPLETA.
2026-08-17 22:04:23,961 [WARNING] Erro transitorio da API ('Timeout. Maybe slow down a bit') na tentativa 1/5. Aguardando 15s...
2026-08-17 22:04:44,768 [WARNING] Erro transitorio da API ('Timeout. Maybe slow down a bit') na tentativa 2/5. Aguardando 30s...
2026-08-17 22:05:16,700 [WARNING] Erro transitorio da API ('Timeout. Maybe slow down a bit') na tentativa 3/5. Aguardando 45s...
2026-08-17 22:06:09,043 [WARNING] Erro transitorio da API ('Timeout. Maybe slow down a bit') na tentativa 4/5. Aguardando 60s...
2026-08-17 22:07:19,006 [INFO] [posts/r_brasilivre/Bolsonaro/2026-07-01] +100 itens (total: 100)
2026-08-17 22:07:30,294 [WARNING] Erro transitorio da API ('Timeout. Maybe slow down a bit') na tentativa 1/5. Aguardando 15s...
2026-08-17 22:07:48,833 [WARNING] Erro transitorio da API ('Timeout. Maybe slow down a bit') na tentativa 2/5. Aguardando 30s...
2026-08-17 22:08:19,339 [WARNING] Erro transitorio da API ('Timeout. Maybe slow down a bit') na tentativa 3/5. Aguardando 45s...
2026-08-17 22:09:06,652 [WARNING] Erro transitorio da API ('Timeout. Maybe slow down a bit') na tentativa 4/5. Aguardando 60s...
2026-08-17 22:10:14,298 [ERROR] Erro na requisicao para https://arctic-shift.photon-reddit.com/api/posts/search | params={'subreddit': 'brasilivre', 'query': 'Bolsonaro', 'after': 1784939897, 'before': 1785542400, 'limit': 100, 'sort': 'asc'} | erro=422 Client Error: Unprocessable Entity for url: https://arctic-shift.photon-reddit.com/api/posts/search?subreddit=brasilivre&query=Bolsonaro&after=1784939897&before=1785542400&limit=100&sort=asc | resposta_api={"data":null,"error":"Timeout. Maybe slow down a bit"}
2026-08-17 22:10:14,300 [WARNING] [posts/r_brasilivre/Bolsonaro/2026-07-01] Falha definitiva ao buscar pagina (after=1784939897). ESTA JANELA PODE ESTAR INCOMPLETA.
2026-08-17 22:10:38,606 [WARNING] Erro transitorio da API ('Timeout. Maybe slow down a bit') na tentativa 1/5. Aguardando 15s...
2026-08-17 22:11:11,135 [WARNING] Erro transitorio da API ('Timeout. Maybe slow down a bit') na tentativa 2/5. Aguardando 30s...
2026-08-17 22:12:00,851 [WARNING] Erro transitorio da API ('Timeout. Maybe slow down a bit') na tentativa 3/5. Aguardando 45s...
2026-08-17 22:13:02,517 [WARNING] Erro transitorio da API ('Timeout. Maybe slow down a bit') na tentativa 4/5. Aguardando 60s...
2026-08-17 22:14:14,964 [ERROR] Erro na requisicao para https://arctic-shift.photon-reddit.com/api/comments/search | params={'subreddit': 'brasilivre', 'body': 'Bolsonaro', 'after': 1782864000, 'before': 1785542400, 'limit': 100, 'sort': 'asc'} | erro=422 Client Error: Unprocessable Entity for url: https://arctic-shift.photon-reddit.com/api/comments/search?subreddit=brasilivre&body=Bolsonaro&after=1782864000&before=1785542400&limit=100&sort=asc | resposta_api={"data":null,"error":"Timeout. Maybe slow down a bit"}
2026-08-17 22:14:14,965 [WARNING] [comments/r_brasilivre/Bolsonaro/2026-07-01] Falha definitiva ao buscar pagina (after=1782864000). ESTA JANELA PODE ESTAR INCOMPLETA.
2026-08-17 22:14:24,965 [INFO] [r/brasilivre | 'Bolsonaro'] Coleta finalizada: 626 posts e 700 comentarios.
2026-08-17 22:14:25,083 [WARNING] [r/brasilivre | 'Bolsonaro'] Insercao parcial: 1201 inseridos, 125 ja existiam.
=== Backfill concluído! Rode 'python3 ../auditar_reddit.py' para conferir. ===
